// Jest Snapshot v1, https://goo.gl/fbAQLP

exports[`snapshot 1`] = `
<div>
  <h3>
    Test Product
  </h3>
  <div>
    Test Children
  </div>
</div>
`;
